[1/182] skip aci-sus-biber-tursusu (done)
[2/182] skip anneannemin-nefis-bulamac-corbasi (done)
[3/182] GET https://www.nefisyemektarifleri.com/annemin-domates-biber-pirinc-yemegi/
    img annemin-domates-biber-pirinc-yemegi-1.jpg
    img annemin-domates-biber-pirinc-yemegi-2.jpg
    img annemin-domates-biber-pirinc-yemegi-3.jpg
    img annemin-domates-biber-pirinc-yemegi-4.jpg
    img annemin-domates-biber-pirinc-yemegi-5.jpg
    img annemin-domates-biber-pirinc-yemegi-6.jpg
    img annemin-domates-biber-pirinc-yemegi-7.jpg
    img annemin-domates-biber-pirinc-yemegi-8.jpg
    img annemin-domates-biber-pirinc-yemegi-9.jpg
[4/182] GET https://www.nefisyemektarifleri.com/arpa-sehriye-salatasi-9408313/
    img arpa-sehriye-salatasi-1.jpg
    img arpa-sehriye-salatasi-2.jpg
    img arpa-sehriye-salatasi-3.jpg
    img arpa-sehriye-salatasi-4.jpg
    img arpa-sehriye-salatasi-6.jpg
    img arpa-sehriye-salatasi-5.jpg
    img arpa-sehriye-salatasi-7.jpg
[5/182] GET https://www.nefisyemektarifleri.com/ayva-tatlisi-11942233/
    img ayva-tatlisi-3.jpg
    img ayva-tatlisi-4.jpg
    img ayva-tatlisi-5.jpg
    img ayva-tatlisi-6.jpg
    img ayva-tatlisi-7.jpg
    img ayva-tatlisi-8.jpg
    img ayva-tatlisi-9.jpg
    img ayva-tatlisi-10.jpg
    img ayva-tatlisi-11.jpg
    img ayva-tatlisi-12.jpg
    img bafla-150-yillik-tarif-2.jpg
    img bafla-150-yillik-tarif-3.jpg
    img bafla-150-yillik-tarif-4.jpg
    img bafla-150-yillik-tarif-6.jpg
    img bafla-150-yillik-tarif-8.jpg
    img bafla-150-yillik-tarif-9.jpg
    img bafla-150-yillik-tarif-10.jpg
    img bafla-150-yillik-tarif-11.jpg
    img bafla-150-yillik-tarif-13.jpg
    img bafla-150-yillik-tarif-14.jpg
    img bafla-150-yillik-tarif-16.jpg
    img bafla-150-yillik-tarif-19.jpg
    img bafla-150-yillik-tarif-20.jpg
    img bafla-150-yillik-tarif-21.jpg
[7/182] GET https://www.nefisyemektarifleri.com/beyaz-lahana-salatasi-9884020/
    img beyaz-lahana-salatasi-3.jpg
    img beyaz-lahana-salatasi-4.jpg
    img beyaz-lahana-salatasi-6.jpg
    img beyaz-lahana-salatasi-8.jpg
    img beyaz-lahana-salatasi-9.jpg
[8/182] GET https://www.nefisyemektarifleri.com/beyti-kebabi-koftesi-onceden-pismeyen/
    img beyti-kebabikoftesi-onceden-pismeyen-3.jpg
    img beyti-kebabikoftesi-onceden-pismeyen-4.jpg
[9/182] GET https://www.nefisyemektarifleri.com/bol-malzemeli-nefis-pizza-9236864/
    img bol-malzemeli-nefis-pizza.jpg
    img bol-malzemeli-nefis-pizza-1.jpg
    img bol-malzemeli-nefis-pizza-2.jpg
    img bol-malzemeli-nefis-pizza-3.jpg
    img bol-malzemeli-nefis-pizza-4.jpg
    img bol-malzemeli-nefis-pizza-6.jpg
    img bol-malzemeli-nefis-pizza-7.jpg
    img bol-malzemeli-nefis-pizza-8.jpg
    img brie-peynirli-nefis-kahvaltilik-1.jpg
    img brie-peynirli-nefis-kahvaltilik-2.jpg
    img brie-peynirli-nefis-kahvaltilik-4.jpg
    img brie-peynirli-nefis-kahvaltilik-5.jpg
    img brie-peynirli-nefis-kahvaltilik-6.jpg
    img brie-peynirli-nefis-kahvaltilik-8.jpg
    img cam-kozalagi-ile-yogurt-mayalama-1.jpg
    img cam-kozalagi-ile-yogurt-mayalama-2.jpg
    img cam-kozalagi-ile-yogurt-mayalama-4.jpg
    img cam-kozalagi-ile-yogurt-mayalama-6.jpg
    img cevizli-kolay-baklava-1.jpg
    img cevizli-kolay-baklava-2.jpg
    img cevizli-kolay-baklava-3.jpg
    img cevizli-kolay-baklava-5.jpg
    img cevizli-kolay-baklava-7.jpg
    img cevizli-kolay-baklava-9.jpg
    img cevizli-kolay-baklava-11.jpg
    img cevizli-kolay-baklava-12.jpg
    img cevizli-kolay-baklava-14.jpg
    img cevizli-kolay-baklava-16.jpg
    img cevizli-kolay-baklava-18.jpg
    img cevizli-kolay-baklava-19.jpg
    img cevizli-tahinli-rulo-kurabiye-kuru-baklava-1.jpg
    img cevizli-tahinli-rulo-kurabiye-kuru-baklava-2.jpg
    img cevizli-tahinli-rulo-kurabiye-kuru-baklava-4.jpg
    img cevizli-tahinli-rulo-kurabiye-kuru-baklava-6.jpg
    img cevizli-tahinli-rulo-kurabiye-kuru-baklava-8.jpg
    img cevizli-tahinli-rulo-kurabiye-kuru-baklava-9.jpg
[14/182] GET https://www.nefisyemektarifleri.com/cezerye-9382664/
    img cezerye.jpg
    img cezerye-1.jpg
    img cezerye-3.jpg
    img cezerye-4.jpg
    img cezerye-5.jpg
    img cezerye-6.jpg
    img cezerye-8.jpg
    img cikolatali-frigo-dondurma-1.jpg
    img cikolatali-frigo-dondurma-2.jpg
    img cikolatali-frigo-dondurma-3.jpg
    img cikolatali-frigo-dondurma-4.jpg
    img cikolatali-frigo-dondurma-5.jpg
    img cikolatali-frigo-dondurma-6.jpg
    img cikolatali-frigo-dondurma-8.jpg
    img cikolatali-frigo-dondurma-10.jpg
    img cikolatali-frigo-dondurma-11.jpg
    img cikolatali-incirli-atistirmalik-ikram-1.jpg
    img cikolatali-incirli-atistirmalik-ikram-2.jpg
    img cikolatali-incirli-atistirmalik-ikram-3.jpg
    img cikolatali-incirli-atistirmalik-ikram-4.jpg
    img cikolatali-incirli-atistirmalik-ikram-6.jpg
[17/182] GET https://www.nefisyemektarifleri.com/cikolatali-nefis-cheesecake/
    img cikolatali-nefis-cheesecake-1.jpg
    img cikolatali-nefis-cheesecake-2.jpg
    img cikolatali-nefis-cheesecake-3.jpg
    img cikolatali-nefis-cheesecake-4.jpg
    img cikolatali-nefis-cheesecake-5.jpg
    img cikolatali-nefis-cheesecake-6.jpg
    img cikolatali-nefis-cheesecake-8.jpg
    img cikolatali-nefis-cheesecake-9.jpg
[18/182] GET https://www.nefisyemektarifleri.com/cikolatali-pudingli-nefis-irmik-helvasi/
    img cikolatali-pudingli-nefis-irmik-helvasi-4.jpg
    img cikolatali-pudingli-nefis-irmik-helvasi-6.jpg
    img cikolatali-pudingli-nefis-irmik-helvasi-8.jpg
    img cikolatali-pudingli-nefis-irmik-helvasi-9.jpg
    img cikolatali-pudingli-nefis-irmik-helvasi-10.jpg
    img cikolatali-pudingli-nefis-irmik-helvasi-11.jpg
    img cikolatali-pudingli-nefis-irmik-helvasi-12.jpg
    img cikolatali-pudingli-nefis-irmik-helvasi-13.jpg
    img cikolatali-pudingli-nefis-irmik-helvasi-14.jpg
    img cikolatali-sekerpare-1.jpg
    img cikolatali-sekerpare-2.jpg
    img cikolatali-sekerpare-4.jpg
    img cikolatali-sekerpare-6.jpg
[20/182] GET https://www.nefisyemektarifleri.com/citir-citir-balkabagi-receli/
    img citir-citir-balkabagi-receli-4.jpg
    img citir-citir-balkabagi-receli-6.jpg
    img citir-citir-balkabagi-receli-8.jpg
    img citir-citir-balkabagi-receli-9.jpg
    img citir-citir-balkabagi-receli-11.jpg
    img citir-citir-balkabagi-receli-13.jpg
[21/182] GET https://www.nefisyemektarifleri.com/citir-citir-mis-kokulu-pirasali-rulo-borek-dondurucu-icin/
    img citir-citir-mis-kokulu-pirasali-rulo-borek-dondurucu-icin.jpg
    img citir-citir-mis-kokulu-pirasali-rulo-borek-dondurucu-icin-1.jpg
    img citir-citir-mis-kokulu-pirasali-rulo-borek-dondurucu-icin-2.jpg
    img citir-citir-mis-kokulu-pirasali-rulo-borek-dondurucu-icin-3.jpg
    img citir-citir-mis-kokulu-pirasali-rulo-borek-dondurucu-icin-5.jpg
    img citir-citir-mis-kokulu-pirasali-rulo-borek-dondurucu-icin-7.jpg
[22/182] GET https://www.nefisyemektarifleri.com/coban-kebabi-9172923/
    img coban-kebabi-1.jpg
    img coban-kebabi-2.jpg
    img coban-kebabi-3.jpg
    img coban-kebabi-4.jpg
    img coban-kebabi-5.jpg
    img domatesli-aci-biber-tursusu-1.jpg
    img domatesli-aci-biber-tursusu-2.jpg
    img domatesli-aci-biber-tursusu-3.jpg
    img domatesli-aci-biber-tursusu-4.jpg
    img domatesli-aci-biber-tursusu-5.jpg
    img domatesli-aci-biber-tursusu-6.jpg
    img domatesli-aci-biber-tursusu-7.jpg
    img etli-nohut-yemegi-1.jpg
    img etli-nohut-yemegi-2.jpg
    img etli-nohut-yemegi-3.jpg
    img etli-nohut-yemegi-4.jpg
[25/182] GET https://www.nefisyemektarifleri.com/ev-yapimi-nefis-kiymadan-iskender/
    img ev-yapimi-nefis-kiymadan-iskender-3.jpg
    img ev-yapimi-nefis-kiymadan-iskender-4.jpg
    img ev-yapimi-nefis-kiymadan-iskender-6.jpg
    img ev-yapimi-nefis-kiymadan-iskender-7.jpg
    img ev-yapimi-nefis-kiymadan-iskender-8.jpg
    img ev-yapimi-nefis-kiymadan-iskender-9.jpg
    img ev-yapimi-nefis-kiymadan-iskender-10.jpg
    img ev-yapimi-nefis-kiymadan-iskender-11.jpg
    img ev-yapimi-nefis-kiymadan-iskender-13.jpg
[26/182] GET https://www.nefisyemektarifleri.com/ezo-gelin-corbasi-9813818/
    img ezo-gelin-corbasi-1.jpg
    img ezo-gelin-corbasi-2.jpg
    img ezo-gelin-corbasi-3.jpg
    img ezo-gelin-corbasi-4.jpg
    img ezo-gelin-corbasi-5.jpg
    img ezo-gelin-corbasi-6.jpg
    img ezo-gelin-corbasi-7.jpg
    img ezo-gelin-corbasi-9.jpg
    img ezo-gelin-corbasi-10.jpg
    img ezo-gelin-corbasi-11.jpg
    img firinda-kuzu-tandir-2.jpg
    img firinda-kuzu-tandir-3.jpg
    img firinda-kuzu-tandir-4.jpg
    img firinda-kuzu-tandir-5.jpg
    img firinda-kuzu-tandir-6.jpg
    img firinda-kuzu-tandir-7.jpg
[28/182] GET https://www.nefisyemektarifleri.com/firinda-nefis-fileto-cupra/
    img firinda-nefis-fileto-cupra-4.jpg
    img firinda-nefis-fileto-cupra-5.jpg
    img firinda-nefis-fileto-cupra-7.jpg
[29/182] GET https://www.nefisyemektarifleri.com/firinda-pirasa-8965397/
    img firinda-pirasa-4.jpg
    img firinda-pirasa-6.jpg
    img firinda-pirasa-7.jpg
    img firinda-pirasa-9.jpg
    img firinda-pirasa-10.jpg
    img firinda-pirasa-11.jpg
[30/182] GET https://www.nefisyemektarifleri.com/firinda-sebzeli-nohut/
    img firinda-sebzeli-nohut-1.jpg
    img firinda-sebzeli-nohut-3.jpg
    img firinda-sebzeli-nohut-4.jpg
    img firinda-sebzeli-nohut-5.jpg
    img firinda-sebzeli-nohut-6.jpg
    img firinda-sebzeli-nohut-8.jpg
[31/182] GET https://www.nefisyemektarifleri.com/firinda-taze-incir-receli/
    img firinda-taze-incir-receli-3.jpg
    img firinda-taze-incir-receli-5.jpg
    img firinda-taze-incir-receli-7.jpg
    img firinda-taze-incir-receli-8.jpg
    img firinda-taze-incir-receli-9.jpg
    img firinda-taze-incir-receli-10.jpg
    img firinda-taze-incir-receli-11.jpg
[32/182] GET https://www.nefisyemektarifleri.com/fliya-arnavutlarin-sevilen-boregi/
    img fliya-arnavutlarin-sevilen-boregi-3.jpg
    img fliya-arnavutlarin-sevilen-boregi-5.jpg
    img fliya-arnavutlarin-sevilen-boregi-6.jpg
    img fliya-arnavutlarin-sevilen-boregi-7.jpg
    img fliya-arnavutlarin-sevilen-boregi-9.jpg
[33/182] GET https://www.nefisyemektarifleri.com/gun-yufkasi-bulgaristandan-mukemmel-yoresel-lezzetler/
    img gun-yufkasi-bulgaristandan-mukemmel-yoresel-lezzetler-5.jpg
    img gun-yufkasi-bulgaristandan-mukemmel-yoresel-lezzetler-6.jpg
    img gun-yufkasi-bulgaristandan-mukemmel-yoresel-lezzetler-7.jpg
    img gun-yufkasi-bulgaristandan-mukemmel-yoresel-lezzetler-8.jpg
    img gun-yufkasi-bulgaristandan-mukemmel-yoresel-lezzetler-10.jpg
    img gun-yufkasi-bulgaristandan-mukemmel-yoresel-lezzetler-12.jpg
    img gun-yufkasi-bulgaristandan-mukemmel-yoresel-lezzetler-14.jpg
[34/182] GET https://www.nefisyemektarifleri.com/hashasli-nefis-revani-11132272/
    img hashasli-nefis-revani-4.jpg
    img hashasli-nefis-revani-5.jpg
    img hashasli-nefis-revani-6.jpg
    img hashasli-nefis-revani-8.jpg
    img hashasli-nefis-revani-10.jpg
    img hashasli-nefis-revani-12.jpg
    img hashasli-nefis-revani-14.jpg
[35/182] GET https://www.nefisyemektarifleri.com/kabak-koftesi-mucver-9795835/
    img kabak-koftesi-mucver-3.jpg
    img kabak-koftesi-mucver-5.jpg
    img kabak-koftesi-mucver-6.jpg
    img kabak-koftesi-mucver-7.jpg
    img kabak-koftesi-mucver-9.jpg
    img kabak-koftesi-mucver-10.jpg
    img kabak-koftesi-mucver-11.jpg
    img kadayifli-tahinli-cevizli-nefis-kurabiye.jpg
    img kadayifli-tahinli-cevizli-nefis-kurabiye-1.jpg
    img kadayifli-tahinli-cevizli-nefis-kurabiye-2.jpg
    img kadayifli-tahinli-cevizli-nefis-kurabiye-3.jpg
    img kadayifli-tahinli-cevizli-nefis-kurabiye-4.jpg
    img kadayifli-tahinli-cevizli-nefis-kurabiye-6.jpg
    img kadayifli-tahinli-cevizli-nefis-kurabiye-7.jpg
[37/182] GET https://www.nefisyemektarifleri.com/kadayifpare-tatlisi/
    img kadayifpare-tatlisi-4.jpg
    img kadayifpare-tatlisi-6.jpg
    img kadayifpare-tatlisi-8.jpg
    img kadayifpare-tatlisi-10.jpg
    img kadayifpare-tatlisi-12.jpg
[38/182] GET https://www.nefisyemektarifleri.com/kahvaltilik-kasarli-corek/
    img kahvaltilik-kasarli-corek-1.jpg
    img kahvaltilik-kasarli-corek-2.jpg
    img kahvaltilik-kasarli-corek-3.jpg
    img kahvaltilik-kasarli-corek-4.jpg
    img kahvaltilik-kasarli-corek-5.jpg
    img kahvaltilik-kasarli-corek-6.jpg
    img kahvaltilik-kasarli-corek-8.jpg
    img kahvaltilik-kasarli-corek-10.jpg
[39/182] GET https://www.nefisyemektarifleri.com/kahvaltilik-kuru-domates-11179802/
    img kahvaltilik-kuru-domates-3.jpg
[40/182] GET https://www.nefisyemektarifleri.com/kahvaltilik-mantarli-kasar/
    img kahvaltilik-mantarli-kasar-1.jpg
    img kahvaltilik-mantarli-kasar-2.jpg
    img kahvaltilik-mantarli-kasar-3.jpg
    img kahvaltilik-mantarli-kasar-5.jpg
    img kahvaltilik-mantarli-kasar-6.jpg
    img kahvaltilik-mantarli-kasar-7.jpg
[41/182] GET https://www.nefisyemektarifleri.com/kakaolu-kurabiye-amerikan-cookies/
    img kakaolu-kurabiyeamerikan-cookies-1.jpg
    img kakaolu-kurabiyeamerikan-cookies-2.jpg
[42/182] GET https://www.nefisyemektarifleri.com/kakaolu-nefis-islak-kek-9721488/
    img kakaolu-nefis-islak-kek-3.jpg
    img kakaolu-nefis-islak-kek-5.jpg
    img kalbura-basti-1.jpg
    img kalbura-basti-2.jpg
    img kalbura-basti-3.jpg
    img kalbura-basti-4.jpg
    img kalbura-basti-6.jpg
    img kalbura-basti-7.jpg
    img kalbura-basti-8.jpg
    img kalbura-basti-9.jpg
[44/182] GET https://www.nefisyemektarifleri.com/karamelize-soganli-ve-mantarli-crostini/
    img karamelize-soganli-ve-mantarli-crostini-4.jpg
    img karamelize-soganli-ve-mantarli-crostini-5.jpg
    img karamelize-soganli-ve-mantarli-crostini-7.jpg
    img karamelize-soganli-ve-mantarli-crostini-9.jpg
    img karamelize-soganli-ve-mantarli-crostini-11.jpg
    img karamelize-soganli-ve-mantarli-crostini-13.jpg
[45/182] GET https://www.nefisyemektarifleri.com/karniyarik-tarifi-9661870/
    img karniyarik-tarifi-1.jpg
    img karniyarik-tarifi-2.jpg
    img karniyarik-tarifi-3.jpg
    img karniyarik-tarifi-5.jpg
    img karniyarik-tarifi-7.jpg
    img karniyarik-tarifi-8.jpg
    img karniyarik-tarifi-9.jpg
    img karniyarik-tarifi-10.jpg
    img karniyarik-tarifi-11.jpg
    img karniyarik-tarifi-12.jpg
    img kasarli-besamel-soslu-kiymali-firinda-patates-1.jpg
    img kasarli-besamel-soslu-kiymali-firinda-patates-2.jpg
    img kasarli-besamel-soslu-kiymali-firinda-patates-3.jpg
    img kasarli-besamel-soslu-kiymali-firinda-patates-5.jpg
    img kasarli-besamel-soslu-kiymali-firinda-patates-6.jpg
    img kasarli-besamel-soslu-kiymali-firinda-patates-8.jpg
    img kasarli-besamel-soslu-kiymali-firinda-patates-10.jpg
    img kasarli-besamel-soslu-kiymali-firinda-patates-12.jpg
[47/182] GET https://www.nefisyemektarifleri.com/kasarli-eristeli-domatesli-nefis-kofte/
    img kasarli-eristeli-domatesli-nefis-kofte-4.jpg
    img kasarli-eristeli-domatesli-nefis-kofte-6.jpg
    img kasarli-eristeli-domatesli-nefis-kofte-7.jpg
    img kasarli-eristeli-domatesli-nefis-kofte-8.jpg
    img kasarli-eristeli-domatesli-nefis-kofte-9.jpg
    img kasarli-eristeli-domatesli-nefis-kofte-10.jpg
    img kasarli-eristeli-domatesli-nefis-kofte-11.jpg
[48/182] GET https://www.nefisyemektarifleri.com/kasarli-patatesli-nefis-atistirmaliklar/
    img kasarli-patatesli-nefis-atistirmaliklar-4.jpg
    img kasarli-patatesli-nefis-atistirmaliklar-6.jpg
    img kasarli-patatesli-nefis-atistirmaliklar-8.jpg
    img kasarli-patatesli-nefis-atistirmaliklar-10.jpg
    img kasarli-patatesli-nefis-atistirmaliklar-11.jpg
    img kasarli-patatesli-nefis-atistirmaliklar-13.jpg
[49/182] GET https://www.nefisyemektarifleri.com/kavala-kurabiyesi-9358179/
    img kavala-kurabiyesi-3.jpg
    img kavala-kurabiyesi-4.jpg
    img kavala-kurabiyesi-5.jpg
    img kavala-kurabiyesi-6.jpg
    img kavala-kurabiyesi-7.jpg
[50/182] GET https://www.nefisyemektarifleri.com/kavrulmus-kerevizli-cevizli-meze-tarifi/
    img kavrulmus-kerevizli-cevizli-meze-tarifi-2.jpg
    img kavrulmus-kerevizli-cevizli-meze-tarifi-3.jpg
    img kavrulmus-kerevizli-cevizli-meze-tarifi-5.jpg
    img kavrulmus-kerevizli-cevizli-meze-tarifi-7.jpg
    img kavrulmus-kerevizli-cevizli-meze-tarifi-8.jpg
    img kavrulmus-kerevizli-cevizli-meze-tarifi-10.jpg
[51/182] GET https://www.nefisyemektarifleri.com/kayinvalidemin-nefis-serbetli-tatlisi/
    img kayinvalidemin-nefis-serbetli-tatlisi-1.jpg
    img kayinvalidemin-nefis-serbetli-tatlisi-2.jpg
    img kayinvalidemin-nefis-serbetli-tatlisi-3.jpg
    img kayinvalidemin-nefis-serbetli-tatlisi-4.jpg
    img kayinvalidemin-nefis-serbetli-tatlisi-5.jpg
[52/182] GET https://www.nefisyemektarifleri.com/kayisili-nefis-saglikli-atistirmalik/
    img kayisili-nefis-saglikli-atistirmalik-1.jpg
    img kayisili-nefis-saglikli-atistirmalik-2.jpg
    img kayisili-nefis-saglikli-atistirmalik-3.jpg
    img kayisili-nefis-saglikli-atistirmalik-5.jpg
    img kayisili-nefis-saglikli-atistirmalik-6.jpg
    img kayisili-nefis-saglikli-atistirmalik-7.jpg
    img kayisili-nefis-saglikli-atistirmalik-8.jpg
[53/182] GET https://www.nefisyemektarifleri.com/keskul-11266596/
    img keskul-3.jpg
    img keskul-4.jpg
    img keskul-5.jpg
    img keskul-7.jpg
    img keskul-9.jpg
[54/182] GET https://www.nefisyemektarifleri.com/kirlona-yoresel-lezzetler/
    img kirlona-yoresel-lezzetler-3.jpg
    img kirlona-yoresel-lezzetler-4.jpg
[55/182] GET https://www.nefisyemektarifleri.com/kirmizi-kapya-biber-dolmasi-9678533/
    img kirmizi-kapya-biber-dolmasi-4.jpg
    img kirmizi-kapya-biber-dolmasi-5.jpg
    img kirmizi-kapya-biber-dolmasi-7.jpg
    img kislik-sise-ve-kavanozda-domates-1.jpg
    img kislik-sise-ve-kavanozda-domates-2.jpg
    img kislik-sise-ve-kavanozda-domates-3.jpg
    img kislik-sise-ve-kavanozda-domates-5.jpg
    img kislik-sise-ve-kavanozda-domates-6.jpg
    img kislik-sise-ve-kavanozda-domates-7.jpg
    img kislik-sise-ve-kavanozda-domates-9.jpg
    img kislik-sise-ve-kavanozda-domates-10.jpg
    img kislik-sise-ve-kavanozda-domates-11.jpg
    img kislik-sise-ve-kavanozda-domates-12.jpg
    img kislik-sise-ve-kavanozda-domates-13.jpg
    img kislik-sise-ve-kavanozda-domates-14.jpg
    img kislik-sise-ve-kavanozda-domates-15.jpg
    img kislik-sise-ve-kavanozda-domates-16.jpg
    img kislik-sise-ve-kavanozda-domates-17.jpg
    img kislik-sise-ve-kavanozda-domates-18.jpg
    img kislik-sise-ve-kavanozda-domates-19.jpg
    img kislik-sise-ve-kavanozda-domates-21.jpg
    img kislik-sise-ve-kavanozda-domates-22.jpg
[57/182] GET https://www.nefisyemektarifleri.com/kislik-tarhana-9705880/
    img kislik-tarhana-1.jpg
    img kislik-tarhana-2.jpg
    img kislik-tarhana-3.jpg
    img kislik-tarhana-4.jpg
    img kislik-tarhana-6.jpg
    img kislik-tarhana-7.jpg
    img kislik-tarhana-8.jpg
    img kislik-tarhana-10.jpg
    img kislik-tarhana-12.jpg
    img kislik-tarhana-13.jpg
    img kislik-tarhana-14.jpg
[58/182] GET https://www.nefisyemektarifleri.com/kiymali-durum-9465873/
    img kiymali-durum-2.jpg
    img kiymali-durum-4.jpg
    img kiymali-durum-6.jpg
    img kiymali-durum-8.jpg
    img kiymali-durum-9.jpg
[59/182] GET https://www.nefisyemektarifleri.com/kiymali-manti-boregi/
    img kiymali-manti-boregi-3.jpg
    img kiymali-manti-boregi-4.jpg
    img kiymali-manti-boregi-5.jpg
    img kiymali-manti-boregi-6.jpg
    img kiymali-manti-boregi-7.jpg
    img kiymali-manti-boregi-8.jpg
    img kiymali-manti-boregi-9.jpg
    img kiymali-manti-boregi-10.jpg
    img kiymali-manti-boregi-11.jpg
    img kiymali-manti-boregi-12.jpg
    img kiymali-manti-boregi-13.jpg
    img kiymali-manti-boregi-14.jpg
[60/182] GET https://www.nefisyemektarifleri.com/kizarmis-patlicanli-nefis-rulo-borek/
    img kizarmis-patlicanli-nefis-rulo-borek-3.jpg
    img kizarmis-patlicanli-nefis-rulo-borek-4.jpg
    img kizarmis-patlicanli-nefis-rulo-borek-5.jpg
    img kizarmis-patlicanli-nefis-rulo-borek-6.jpg
    img kizarmis-patlicanli-nefis-rulo-borek-8.jpg
    img kizarmis-patlicanli-nefis-rulo-borek-9.jpg
    img kizarmis-patlicanli-nefis-rulo-borek-10.jpg
    img kofteli-iskender.jpg
    img kofteli-iskender-1.jpg
    img kofteli-iskender-2.jpg
    img kofteli-iskender-4.jpg
    img kofteli-iskender-5.jpg
    img kofteli-iskender-6.jpg
    img kofteli-iskender-7.jpg
    img kofteli-iskender-9.jpg
    img kofteli-iskender-10.jpg
    img kolay-manti-1.jpg
    img kolay-manti-2.jpg
    img kolay-manti-4.jpg
    img kolay-manti-6.jpg
    img kolay-manti-7.jpg
    img kolay-manti-9.jpg
    img kolay-manti-10.jpg
    img kolay-rulo-pisi-1.jpg
    img kolay-rulo-pisi-2.jpg
    img kolay-rulo-pisi-3.jpg
    img kolay-tandir-boregi-1.jpg
    img kolay-tandir-boregi-2.jpg
    img kolay-tandir-boregi-3.jpg
    img kolay-tandir-boregi-4.jpg
    img kolay-tandir-boregi-5.jpg
    img kolay-tandir-boregi-7.jpg
    img kolay-tandir-boregi-9.jpg
    img kolay-tandir-boregi-11.jpg
    img kolay-tandir-boregi-13.jpg
    img kolay-tandir-boregi-14.jpg
[65/182] GET https://www.nefisyemektarifleri.com/kolay-yaz-tursusu-10609663/
    img kolay-yaz-tursusu-1.jpg
    img kolay-yaz-tursusu-2.jpg
    img kolay-yaz-tursusu-3.jpg
    img kolay-yaz-tursusu-5.jpg
    img kolay-yaz-tursusu-6.jpg
    img kolay-yaz-tursusu-7.jpg
[66/182] GET https://www.nefisyemektarifleri.com/kostebek-pasta-10491882/
    img kostebek-pasta-4.jpg
    img kostebek-pasta-5.jpg
    img kostebek-pasta-6.jpg
    img kostebek-pasta-7.jpg
    img kostebek-pasta-9.jpg
    img kostebek-pasta-10.jpg
    img kostebek-pasta-11.jpg
    img kostebek-pasta-12.jpg
    img kostebek-pasta-14.jpg
    img kostebek-pasta-16.jpg
[67/182] GET https://www.nefisyemektarifleri.com/koz-kapya-biberli-zeytinli-sucuklu-karisik-efsane-pizza/
    img koz-kapya-biberli-zeytinli-sucuklu-karisik-efsane-pizza-1.jpg
    img koz-kapya-biberli-zeytinli-sucuklu-karisik-efsane-pizza-2.jpg
    img koz-kapya-biberli-zeytinli-sucuklu-karisik-efsane-pizza-4.jpg
    img koz-kapya-biberli-zeytinli-sucuklu-karisik-efsane-pizza-6.jpg
    img koz-kapya-biberli-zeytinli-sucuklu-karisik-efsane-pizza-7.jpg
    img koz-kapya-biberli-zeytinli-sucuklu-karisik-efsane-pizza-8.jpg
    img koz-kapya-biberli-zeytinli-sucuklu-karisik-efsane-pizza-9.jpg
    img koz-kapya-biberli-zeytinli-sucuklu-karisik-efsane-pizza-10.jpg
    img koz-kapya-biberli-zeytinli-sucuklu-karisik-efsane-pizza-11.jpg
    img koz-kapya-biberli-zeytinli-sucuklu-karisik-efsane-pizza-13.jpg
    img koz-kapya-biberli-zeytinli-sucuklu-karisik-efsane-pizza-14.jpg
[68/182] GET https://www.nefisyemektarifleri.com/koz-patlican-corbasi-9471325/
    img koz-patlican-corbasi-1.jpg
    img koz-patlican-corbasi-3.jpg
    img koz-patlican-corbasi-4.jpg
    img koz-patlican-corbasi-5.jpg
[69/182] GET https://www.nefisyemektarifleri.com/koz-patlicanli-koz-kirmizi-kapya-biberli-mezeler/
    img koz-patlicanli-koz-kirmizi-kapya-biberli-mezeler.jpg
    img koz-patlicanli-koz-kirmizi-kapya-biberli-mezeler-1.jpg
    img koz-patlicanli-koz-kirmizi-kapya-biberli-mezeler-3.jpg
    img krepli-nefis-borek-1.jpg
    img krepli-nefis-borek-2.jpg
    img krepli-nefis-borek-3.jpg
    img krepli-nefis-borek-4.jpg
    img krepli-nefis-borek-5.jpg
    img krepli-nefis-borek-6.jpg
    img krepli-nefis-borek-8.jpg
    img krepli-nefis-borek-10.jpg
    img krepli-nefis-borek-11.jpg
    img krepli-nefis-borek-12.jpg
    img krepli-nefis-borek-13.jpg
    img krepli-nefis-borek-14.jpg
    img krepli-tavuklu-sultan-kebabi-1.jpg
    img krepli-tavuklu-sultan-kebabi-2.jpg
    img krepli-tavuklu-sultan-kebabi-3.jpg
    img krepli-tavuklu-sultan-kebabi-5.jpg
    img krepli-tavuklu-sultan-kebabi-6.jpg
    img krepli-tavuklu-sultan-kebabi-8.jpg
    img krepli-tavuklu-sultan-kebabi-10.jpg
    img krepli-tavuklu-sultan-kebabi-12.jpg
    img krepli-tavuklu-sultan-kebabi-13.jpg
    img krepli-tavuklu-sultan-kebabi-15.jpg
    img krepli-tavuklu-sultan-kebabi-16.jpg
[72/182] GET https://www.nefisyemektarifleri.com/lavasla-pratik-tava-boregi/
    img lavasla-pratik-tava-boregi-1.jpg
    img lavasla-pratik-tava-boregi-3.jpg
    img lavasla-pratik-tava-boregi-5.jpg
    img lavasla-pratik-tava-boregi-7.jpg
    img lavasla-pratik-tava-boregi-8.jpg
    img lavasla-pratik-tava-boregi-10.jpg
    img lavasla-pratik-tava-boregi-11.jpg
[73/182] GET https://www.nefisyemektarifleri.com/lokmalik-leblebi-tozlu-kurabiye/
    img lokmalik-leblebi-tozlu-kurabiye-3.jpg
    img lokmalik-leblebi-tozlu-kurabiye-4.jpg
    img lokmalik-leblebi-tozlu-kurabiye-5.jpg
    img lokmalik-leblebi-tozlu-kurabiye-6.jpg
    img lokmalik-leblebi-tozlu-kurabiye-7.jpg
    img lokmalik-leblebi-tozlu-kurabiye-9.jpg
    img lokmalik-leblebi-tozlu-kurabiye-10.jpg
[74/182] GET https://www.nefisyemektarifleri.com/mahluta-corbasi-9471281/
    img mahluta-corbasi-3.jpg
    img mahluta-corbasi-4.jpg
    img mahluta-corbasi-5.jpg
    img mahluta-corbasi-7.jpg
[75/182] GET https://www.nefisyemektarifleri.com/mayali-hamurdan-nefis-kolay-gozleme/
    img mayali-hamurdan-nefis-kolay-gozleme-3.jpg
    img mayali-hamurdan-nefis-kolay-gozleme-4.jpg
    img mayali-hamurdan-nefis-kolay-gozleme-5.jpg
    img mayali-hamurdan-nefis-kolay-gozleme-6.jpg
    img mayali-hamurdan-nefis-kolay-gozleme-7.jpg
    img mayali-hamurdan-nefis-kolay-gozleme-8.jpg
    img mayali-hamurdan-nefis-kolay-gozleme-10.jpg
    img mayali-hamurdan-nefis-kolay-gozleme-11.jpg
[76/182] GET https://www.nefisyemektarifleri.com/mis-gibi-ev-makarnasi-eriste/
    img mis-gibi-ev-makarnasi-eriste-4.jpg
    img mis-gibi-ev-makarnasi-eriste-5.jpg
    img mis-gibi-ev-makarnasi-eriste-7.jpg
    img mis-gibi-ev-makarnasi-eriste-9.jpg
    img mis-gibi-ev-makarnasi-eriste-10.jpg
    img mis-gibi-ev-makarnasi-eriste-12.jpg
    img mis-gibi-ev-makarnasi-eriste-13.jpg
    img mor-lahana-tursusu-1.jpg
    img mor-lahana-tursusu-2.jpg
[78/182] GET https://www.nefisyemektarifleri.com/muhtesem-cilekli-limonata/
    img muhtesem-cilekli-limonata-3.jpg
    img muhtesem-cilekli-limonata-5.jpg
    img muhtesem-cilekli-limonata-7.jpg
    img muhtesem-cilekli-limonata-8.jpg
    img muhtesem-cilekli-limonata-9.jpg
    img muhtesem-cilekli-limonata-10.jpg
    img muhtesem-cilekli-limonata-11.jpg
    img muhtesem-cilekli-limonata-12.jpg
    img muhtesem-cilekli-limonata-14.jpg
    img muhtesem-cilekli-limonata-15.jpg
    img muhtesem-cilekli-limonata-16.jpg
    img muhtesem-cilekli-limonata-17.jpg
[79/182] GET https://www.nefisyemektarifleri.com/muzlu-kolay-atistirmalik-12352777/
    img muzlu-kolay-atistirmalik-2.jpg
    img muzlu-kolay-atistirmalik-3.jpg
    img muzlu-kolay-atistirmalik-4.jpg
    img muzlu-kolay-atistirmalik-6.jpg
    img muzlu-kolay-atistirmalik-7.jpg
[80/182] GET https://www.nefisyemektarifleri.com/nefis-asure-9654201/
    img nefis-asure-2.jpg
    img nefis-asure-3.jpg
    img nefis-asure-5.jpg
    img nefis-asure-6.jpg
    img nefis-avci-boregi.jpg
    img nefis-avci-boregi-1.jpg
    img nefis-avci-boregi-2.jpg
    img nefis-avci-boregi-3.jpg
    img nefis-avci-boregi-5.jpg
    img nefis-avci-boregi-6.jpg
    img nefis-avci-boregi-7.jpg
    img nefis-avci-boregi-8.jpg
    img nefis-avci-boregi-9.jpg
    img nefis-avci-boregi-11.jpg
    img nefis-avci-boregi-12.jpg
    img nefis-avci-boregi-13.jpg
[82/182] GET https://www.nefisyemektarifleri.com/nefis-browni-kurabiye-10906639/
    img nefis-browni-kurabiye-3.jpg
    img nefis-browni-kurabiye-5.jpg
    img nefis-browni-kurabiye-7.jpg
    img nefis-browni-kurabiye-9.jpg
[83/182] GET https://www.nefisyemektarifleri.com/nefis-citir-taze-fasulye-kizartmasi/
    img nefis-citir-taze-fasulye-kizartmasi-1.jpg
    img nefis-citir-taze-fasulye-kizartmasi-2.jpg
    img nefis-citir-taze-fasulye-kizartmasi-4.jpg
    img nefis-citir-taze-fasulye-kizartmasi-5.jpg
    img nefis-citir-taze-fasulye-kizartmasi-6.jpg
    img nefis-cok-sebzeli-lutenitsa-1.jpg
    img nefis-cok-sebzeli-lutenitsa-2.jpg
    img nefis-cok-sebzeli-lutenitsa-3.jpg
    img nefis-cok-sebzeli-lutenitsa-4.jpg
    img nefis-cok-sebzeli-lutenitsa-5.jpg
    img nefis-cok-sebzeli-lutenitsa-6.jpg
    img nefis-cok-sebzeli-lutenitsa-8.jpg
    img nefis-cok-sebzeli-lutenitsa-9.jpg
    img nefis-cok-sebzeli-lutenitsa-10.jpg
    img nefis-cok-sebzeli-lutenitsa-11.jpg
    img nefis-cok-sebzeli-lutenitsa-12.jpg
    img nefis-cok-sebzeli-lutenitsa-14.jpg
    img nefis-findikli-cikolatali-atistirmaliklar-1.jpg
    img nefis-findikli-cikolatali-atistirmaliklar-2.jpg
    img nefis-findikli-cikolatali-atistirmaliklar-3.jpg
    img nefis-findikli-cikolatali-atistirmaliklar-5.jpg
    img nefis-findikli-cikolatali-atistirmaliklar-7.jpg
    img nefis-findikli-cikolatali-atistirmaliklar-9.jpg
    img nefis-findikli-cikolatali-atistirmaliklar-11.jpg
    img nefis-findikli-cikolatali-atistirmaliklar-13.jpg
    img nefis-kabak-corbasi-1.jpg
    img nefis-kabak-corbasi-2.jpg
    img nefis-kabak-corbasi-4.jpg
    img nefis-kabak-corbasi-6.jpg
    img nefis-kabakli-meze-1.jpg
    img nefis-kabakli-meze-2.jpg
    img nefis-kabakli-meze-3.jpg
    img nefis-kabakli-meze-5.jpg
    img nefis-kabakli-meze-6.jpg
    img nefis-kabakli-meze-8.jpg
    img nefis-kabakli-meze-9.jpg
    img nefis-kabakli-meze-10.jpg
    img nefis-kahvaltilik-sos-lutenitsa.jpg
    img nefis-kahvaltilik-sos-lutenitsa-1.jpg
    img nefis-kahvaltilik-sos-lutenitsa-2.jpg
    img nefis-kahvaltilik-sos-lutenitsa-3.jpg
    img nefis-kahvaltilik-sos-lutenitsa-5.jpg
    img nefis-kahvaltilik-sos-lutenitsa-6.jpg
    img nefis-kahvaltilik-sos-lutenitsa-8.jpg
    img nefis-kahvaltilik-sos-lutenitsa-9.jpg
[89/182] GET https://www.nefisyemektarifleri.com/nefis-katmer-ve-icli-pisi/
    img nefis-katmer-ve-icli-pisi-3.jpg
    img nefis-katmer-ve-icli-pisi-14.jpg
    img nefis-katmer-ve-icli-pisi-6.jpg
    img nefis-katmer-ve-icli-pisi-8.jpg
    img nefis-katmer-ve-icli-pisi-9.jpg
    img nefis-katmer-ve-icli-pisi-11.jpg
    img nefis-katmer-ve-icli-pisi-12.jpg
    img nefis-kereviz-salatasi-1.jpg
    img nefis-kereviz-salatasi-2.jpg
    img nefis-kereviz-salatasi-3.jpg
    img nefis-kereviz-salatasi-4.jpg
    img nefis-kereviz-salatasi-6.jpg
[91/182] GET https://www.nefisyemektarifleri.com/nefis-kirmizi-mercimek-mezesi/
    img nefis-kirmizi-mercimek-mezesi-4.jpg
    img nefis-kirmizi-mercimek-mezesi-6.jpg
    img nefis-kirmizi-mercimek-mezesi-7.jpg
    img nefis-kirmizi-mercimek-mezesi-9.jpg
    img nefis-kirmizi-mercimek-mezesi-10.jpg
[92/182] GET https://www.nefisyemektarifleri.com/nefis-kirpik-borek/
    img nefis-kirpik-borek-4.jpg
    img nefis-kirpik-borek-6.jpg
    img nefis-kirpik-borek-8.jpg
    img nefis-kirpik-borek-9.jpg
    img nefis-kirpik-borek-11.jpg
    img nefis-kirpik-borek-13.jpg
[93/182] GET https://www.nefisyemektarifleri.com/nefis-kisir-12574131/
    img nefis-kisir-2.jpg
    img nefis-kisir-3.jpg
    img nefis-kisir-4.jpg
    img nefis-kisir-5.jpg
    img nefis-kisir-6.jpg
    img nefis-kisir-8.jpg
    img nefis-kisir-10.jpg
    img nefis-kisir-11.jpg
[94/182] GET https://www.nefisyemektarifleri.com/nefis-kofte-tarifi-11202685/
    img nefis-kofte-tarifi-4.jpg
    img nefis-kofte-tarifi-6.jpg
    img nefis-kofte-tarifi-8.jpg
    img nefis-kofte-tarifi-9.jpg
    img nefis-kofte-tarifi-10.jpg
    img nefis-kofte-tarifi-12.jpg
[95/182] GET https://www.nefisyemektarifleri.com/nefis-kumlu-pasta-tarifi-10950674/
    img nefis-kumlu-pasta-tarifi-2.jpg
    img nefis-kumlu-pasta-tarifi-3.jpg
    img nefis-kumlu-pasta-tarifi-4.jpg
    img nefis-kumlu-pasta-tarifi-6.jpg
    img nefis-kumlu-pasta-tarifi-8.jpg
    img nefis-kumlu-pasta-tarifi-10.jpg
    img nefis-kumlu-pasta-tarifi-12.jpg
    img nefis-kumlu-pasta-tarifi-13.jpg
    img nefis-kumlu-pasta-tarifi-14.jpg
    img nefis-mercimek-corbasi-1.jpg
    img nefis-mercimek-corbasi-2.jpg
    img nefis-mercimek-corbasi-3.jpg
    img nefis-mercimek-corbasi-4.jpg
    img nefis-mercimek-corbasi-5.jpg
    img nefis-mercimek-corbasi-6.jpg
[97/182] GET https://www.nefisyemektarifleri.com/nefis-mercimek-koftesi-12385367/
    img nefis-mercimek-koftesi-3.jpg
    img nefis-mercimek-koftesi-4.jpg
    img nefis-mercimek-koftesi-5.jpg
    img nefis-mercimek-koftesi-6.jpg
    img nefis-mercimek-koftesi-7.jpg
    img nefis-mercimek-koftesi-9.jpg
    img nefis-mercimek-koftesi-11.jpg
    img nefis-mercimek-koftesi-12.jpg
    img nefis-mercimek-koftesi-13.jpg
    img nefis-mercimek-koftesi-14.jpg
[98/182] GET https://www.nefisyemektarifleri.com/nefis-patatesli-tavuk-rulosu/
    img nefis-patatesli-tavuk-rulosu-1.jpg
    img nefis-patatesli-tavuk-rulosu-2.jpg
    img nefis-patatesli-tavuk-rulosu-4.jpg
    img nefis-patatesli-tavuk-rulosu-5.jpg
    img nefis-patatesli-tavuk-rulosu-6.jpg
    img nefis-patatesli-tavuk-rulosu-7.jpg
    img nefis-patatesli-tavuk-rulosu-8.jpg
    img nefis-patatesli-tavuk-rulosu-9.jpg
    img nefis-patatesli-tavuk-rulosu-11.jpg
[99/182] GET https://www.nefisyemektarifleri.com/nefis-pirpec-arnavut-boregi/
    img nefis-pirpec-arnavut-boregi-3.jpg
    img nefis-pirpec-arnavut-boregi-5.jpg
    img nefis-pirpec-arnavut-boregi-7.jpg
    img nefis-pirpec-arnavut-boregi-8.jpg
    img nefis-pirpec-arnavut-boregi-10.jpg
    img nefis-pirpec-arnavut-boregi-11.jpg
    img nefis-pirpec-arnavut-boregi-12.jpg
    img nefis-pirpec-arnavut-boregi-14.jpg
    img nefis-ramazan-pidesi-1.jpg
    img nefis-ramazan-pidesi-2.jpg
    img nefis-ramazan-pidesi-3.jpg
    img nefis-ramazan-pidesi-5.jpg
    img nefis-ramazan-pidesi-7.jpg
    img nefis-ramazan-pidesi-9.jpg
    img nefis-ramazan-pidesi-10.jpg
    img nefis-ramazan-pidesi-12.jpg
    img nefis-ramazan-pidesi-13.jpg
[101/182] GET https://www.nefisyemektarifleri.com/nefis-rus-salatasi/
    img nefis-rus-salatasi-4.jpg
    img nefis-rus-salatasi-5.jpg
    img nefis-rus-salatasi-7.jpg
    img nefis-rus-salatasi-8.jpg
    img nefis-rus-salatasi-9.jpg
    img nefis-rus-salatasi-10.jpg
    img nefis-rus-salatasi-11.jpg
    img nefis-rus-salatasi-12.jpg
[102/182] GET https://www.nefisyemektarifleri.com/nefis-sade-ve-kakaolu-dondurma/
    img nefis-sade-ve-kakaolu-dondurma-3.jpg
    img nefis-sade-ve-kakaolu-dondurma-5.jpg
    img nefis-sade-ve-kakaolu-dondurma-6.jpg
    img nefis-sade-ve-kakaolu-dondurma-7.jpg
    img nefis-sade-ve-kakaolu-dondurma-8.jpg
    img nefis-sade-ve-kakaolu-dondurma-9.jpg
    img nefis-sade-ve-kakaolu-dondurma-10.jpg
    img nefis-sade-ve-kakaolu-dondurma-12.jpg
    img nefis-sade-ve-kakaolu-dondurma-13.jpg
[103/182] GET https://www.nefisyemektarifleri.com/nefis-sambali/
    img nefis-sambali-3.jpg
    img nefis-sambali-4.jpg
    img nefis-sambali-5.jpg
    img nefis-sambali-6.jpg
    img nefis-sambali-7.jpg
    img nefis-sambali-9.jpg
    img nefis-sambali-10.jpg
    img nefis-sambali-12.jpg
    img nefis-sekerpare-1.jpg
    img nefis-sekerpare.jpg
    img nefis-sekerpare-6.jpg
    img nefis-sekerpare-4.jpg
[105/182] GET https://www.nefisyemektarifleri.com/nefis-siyah-zeytin/
    img nefis-siyah-zeytin-4.jpg
[106/182] GET https://www.nefisyemektarifleri.com/nefis-sogan-salatasi-10998450/
    img nefis-sogan-salatasi-2.jpg
    img nefis-sogan-salatasi-3.jpg
    img nefis-sogan-salatasi-4.jpg
    img nefis-sogan-salatasi-5.jpg
    img nefis-sogan-salatasi-6.jpg
    img nefis-sogan-salatasi-7.jpg
    img nefis-starbucks-kurabiyesi-1.jpg
    img nefis-starbucks-kurabiyesi-2.jpg
    img nefis-starbucks-kurabiyesi-3.jpg
    img nefis-starbucks-kurabiyesi-4.jpg
    img nefis-starbucks-kurabiyesi-5.jpg
    img nefis-starbucks-kurabiyesi-7.jpg
    img nefis-starbucks-kurabiyesi-8.jpg
    img nefis-starbucks-kurabiyesi-9.jpg
    img nefis-starbucks-kurabiyesi-10.jpg
    img nefis-starbucks-kurabiyesi-11.jpg
[108/182] GET https://www.nefisyemektarifleri.com/nefis-su-boregi-12424726/
    img nefis-su-boregi-2.jpg
    img nefis-su-boregi-3.jpg
    img nefis-su-boregi-5.jpg
    img nefis-su-boregi-7.jpg
    img nefis-su-boregi-8.jpg
    img nefis-su-boregi-9.jpg
    img nefis-su-boregi-10.jpg
    img nefis-su-boregi-11.jpg
    img nefis-su-boregi-12.jpg
[109/182] GET https://www.nefisyemektarifleri.com/nefis-tava-boregi-10613763/
    img nefis-tava-boregi-1.jpg
    img nefis-tava-boregi-3.jpg
    img nefis-tava-boregi-5.jpg
    img nefis-tava-boregi-6.jpg
[110/182] GET https://www.nefisyemektarifleri.com/nefis-tavuklu-borek-yoresel-lezzetler/
    img nefis-tavuklu-borek-yoresel-lezzetler-1.jpg
    img nefis-tavuklu-borek-yoresel-lezzetler-2.jpg
    img nefis-tavuklu-borek-yoresel-lezzetler-3.jpg
    img nefis-tavuklu-borek-yoresel-lezzetler-4.jpg
    img nefis-tavuklu-borek-yoresel-lezzetler-5.jpg
    img nefis-tavuklu-borek-yoresel-lezzetler-7.jpg
    img nefis-tavuklu-borek-yoresel-lezzetler-9.jpg
    img nefis-tavuklu-borek-yoresel-lezzetler-11.jpg
    img nefis-tavuklu-borek-yoresel-lezzetler-12.jpg
    img nefis-tavuklu-borek-yoresel-lezzetler-13.jpg
[111/182] GET https://www.nefisyemektarifleri.com/nefis-taze-fasulye-9451775/
    img nefis-taze-fasulye-4.jpg
    img nefis-taze-fasulye-6.jpg
    img nefis-taze-fasulye-7.jpg
    img nefis-taze-fasulye-8.jpg
    img nefis-taze-fasulye-10.jpg
    img nefis-taze-fasulye-11.jpg
[112/182] GET https://www.nefisyemektarifleri.com/nefis-tennuri-corbasi/
    img nefis-tennuri-corbasi-2.jpg
    img nefis-tennuri-corbasi-3.jpg
    img nefis-tennuri-corbasi-5.jpg
    img nefis-tennuri-corbasi-6.jpg
[113/182] GET https://www.nefisyemektarifleri.com/nefis-yahni/
    img nefis-yahni-2.jpg
    img nefis-yahni-3.jpg
    img nefis-yahni-4.jpg
    img nefis-yahni-6.jpg
    img nefis-yahni-7.jpg
[114/182] GET https://www.nefisyemektarifleri.com/nefis-yogurtlu-havuc-mezesi-9914563/
    img nefis-yogurtlu-havuc-mezesi-1.jpg
    img nefis-yogurtlu-havuc-mezesi-2.jpg
[115/182] GET https://www.nefisyemektarifleri.com/nohut-salatasi-11899134/
    img nohut-salatasi-2.jpg
    img nohut-salatasi-3.jpg
    img nohut-salatasi-4.jpg
    img nohut-salatasi-6.jpg
    img nohut-salatasi-7.jpg
    img nohut-salatasi-9.jpg
[116/182] GET https://www.nefisyemektarifleri.com/nohutlu-yogurtlu-koz-patlican-salatasi/
    img nohutlu-yogurtlu-koz-patlican-salatasi-4.jpg
    img nohutlu-yogurtlu-koz-patlican-salatasi-5.jpg
    img nohutlu-yogurtlu-koz-patlican-salatasi-6.jpg
    img nohutlu-yogurtlu-koz-patlican-salatasi-7.jpg
[117/182] GET https://www.nefisyemektarifleri.com/orman-kebabi-8981593/
    img orman-kebabi-1.jpg
    img orman-kebabi-2.jpg
    img orman-kebabi-3.jpg
    img orman-kebabi-4.jpg
    img orman-kebabi-6.jpg
    img orman-kebabi-9.jpg
    img ozbek-pilavi.jpg
    img ozbek-pilavi-1.jpg
    img ozbek-pilavi-2.jpg
    img ozbek-pilavi-4.jpg
    img ozbek-pilavi-6.jpg
    img pancar-tursusu-1.jpg
    img pancar-tursusu-2.jpg
    img pancar-tursusu-3.jpg
    img pancar-tursusu-5.jpg
    img pancar-tursusu-6.jpg
    img pancar-tursusu-7.jpg
    img pancar-tursusu-8.jpg
    img pancar-tursusu-9.jpg
[120/182] GET https://www.nefisyemektarifleri.com/pancarli-lahana-tursusu-9015974/
    img pancarli-lahana-tursusu.jpg
    img pancarli-lahana-tursusu-1.jpg
    img pancarli-lahana-tursusu-3.jpg
    img pancarli-lahana-tursusu-4.jpg
    img pancarli-lahana-tursusu-6.jpg
    img pastille-2.jpg
    img pastille-3.jpg
    img pastille-4.jpg
    img pastille-5.jpg
    img pastille-6.jpg
    img pastille-7.jpg
    img pastille-9.jpg
    img pastille-11.jpg
    img pastille-12.jpg
    img pastille-13.jpg
[122/182] GET https://www.nefisyemektarifleri.com/patates-pureli-nefis-tepsi-kebabi/
    img patates-pureli-nefis-tepsi-kebabi-4.jpg
    img patates-pureli-nefis-tepsi-kebabi-6.jpg
    img patates-pureli-nefis-tepsi-kebabi-7.jpg
    img patates-pureli-nefis-tepsi-kebabi-8.jpg
    img patates-pureli-nefis-tepsi-kebabi-9.jpg
    img patates-pureli-nefis-tepsi-kebabi-10.jpg
    img patates-pureli-nefis-tepsi-kebabi-11.jpg
    img patates-pureli-nefis-tepsi-kebabi-12.jpg
    img patates-pureli-nefis-tepsi-kebabi-14.jpg
[123/182] GET https://www.nefisyemektarifleri.com/patates-pureli-tavada-nefis-soganli-tavuk/
    img patates-pureli-tavada-nefis-soganli-tavuk-2.jpg
    img patates-pureli-tavada-nefis-soganli-tavuk-4.jpg
    img patates-pureli-tavada-nefis-soganli-tavuk-5.jpg
    img patates-pureli-tavada-nefis-soganli-tavuk-6.jpg
    img patates-pureli-tavada-nefis-soganli-tavuk-7.jpg
    img patates-pureli-tavada-nefis-soganli-tavuk-8.jpg
    img patates-pureli-tavada-nefis-soganli-tavuk-9.jpg
    img patates-pureli-tavada-nefis-soganli-tavuk-10.jpg
    img patatesli-borek-pogaca-1.jpg
    img patatesli-borek-pogaca-2.jpg
    img patatesli-borek-pogaca-4.jpg
    img patatesli-borek-pogaca-5.jpg
    img patatesli-borek-pogaca-7.jpg
    img patatesli-borek-pogaca-8.jpg
    img patatesli-borek-pogaca-9.jpg
    img patatesli-borek-pogaca-10.jpg
    img patatesli-borek-pogaca-11.jpg
    img patatesli-borek-pogaca-12.jpg
    img patatesli-borek-pogaca-14.jpg
    img patatesli-kasarli-nefis-bazlama.jpg
    img patatesli-kasarli-nefis-bazlama-1.jpg
    img patatesli-kasarli-nefis-bazlama-2.jpg
    img patatesli-kasarli-nefis-bazlama-3.jpg
    img patatesli-kasarli-nefis-bazlama-5.jpg
    img patatesli-kasarli-nefis-bazlama-6.jpg
    img patatesli-kasarli-nefis-bazlama-7.jpg
    img patatesli-kasarli-nefis-bazlama-9.jpg
    img patatesli-mucizeler-1.jpg
    img patatesli-mucizeler-2.jpg
    img patatesli-mucizeler-3.jpg
    img patatesli-mucizeler-4.jpg
    img patatesli-mucizeler-5.jpg
    img patatesli-mucizeler-6.jpg
    img patatesli-mucizeler-7.jpg
    img patatesli-mucizeler-9.jpg
    img patatesli-mucizeler-10.jpg
    img patatesli-mucizeler-11.jpg
    img patatesli-mucizeler-12.jpg
[127/182] GET https://www.nefisyemektarifleri.com/patatesli-nefis-ikramlik-patatesli-aysel/
    img patatesli-nefis-ikramlikpatatesli-aysel-1.jpg
    img patatesli-nefis-ikramlikpatatesli-aysel-2.jpg
    img patatesli-nefis-ikramlikpatatesli-aysel-4.jpg
    img patatesli-nefis-ikramlikpatatesli-aysel-6.jpg
    img patatesli-nefis-ikramlikpatatesli-aysel-8.jpg
    img patatesli-nefis-manti-borek-1.jpg
    img patatesli-nefis-manti-borek-2.jpg
    img patatesli-nefis-manti-borek-3.jpg
    img patatesli-nefis-manti-borek-5.jpg
    img patatesli-nefis-manti-borek-6.jpg
    img patatesli-nefis-manti-borek-8.jpg
    img patatesli-nefis-manti-borek-10.jpg
    img patatesli-nefis-manti-borek-11.jpg
    img patatesli-nefis-manti-borek-12.jpg
    img patatesli-nefis-manti-borek-14.jpg
[129/182] GET https://www.nefisyemektarifleri.com/patlican-musakka-9723377/
    img patlican-musakka-2.jpg
    img patlican-musakka-4.jpg
    img patlican-musakka-5.jpg
    img patlican-musakka-6.jpg
[130/182] GET https://www.nefisyemektarifleri.com/patlicanli-borek-9531745/
    img patlicanli-borek-1.jpg
    img patlicanli-borek-2.jpg
    img patlicanli-borek-3.jpg
    img patlicanli-borek-4.jpg
    img patlicanli-borek-6.jpg
    img patlicanli-borek-7.jpg
    img patlicanli-borek-8.jpg
    img patlicanli-borek-10.jpg
    img patlicanli-borek-11.jpg
    img patlicanli-borek-13.jpg
    img patlicanli-borek-14.jpg
[131/182] GET https://www.nefisyemektarifleri.com/patlicanli-manti-boregi/
    img patlicanli-manti-boregi-3.jpg
    img patlicanli-manti-boregi-4.jpg
    img patlicanli-manti-boregi-5.jpg
    img patlicanli-manti-boregi-7.jpg
    img patlicanli-manti-boregi-9.jpg
    img patlicanli-manti-boregi-11.jpg
[132/182] GET https://www.nefisyemektarifleri.com/patlicanli-super-beyti/
    img patlicanli-super-beyti-3.jpg
    img patlicanli-super-beyti-5.jpg
    img patlicanli-super-beyti-6.jpg
    img patlicanli-super-beyti-8.jpg
    img patlicanli-super-beyti-9.jpg
    img patlicanli-super-beyti-10.jpg
    img patlicanli-super-beyti-11.jpg
    img patlicanli-super-beyti-12.jpg
[133/182] GET https://www.nefisyemektarifleri.com/peynirli-nefis-dizmana-yoresel-lezzetler/
    img peynirli-nefis-dizmana-yoresel-lezzetler-4.jpg
    img peynirli-nefis-dizmana-yoresel-lezzetler-5.jpg
    img peynirli-nefis-dizmana-yoresel-lezzetler-6.jpg
    img peynirli-nefis-dizmana-yoresel-lezzetler-7.jpg
    img peynirli-nefis-dizmana-yoresel-lezzetler-9.jpg
    img peynirli-nefis-dizmana-yoresel-lezzetler-11.jpg
    img peynirli-nefis-dizmana-yoresel-lezzetler-12.jpg
    img peynirli-nefis-dizmana-yoresel-lezzetler-14.jpg
    img peynirli-omlet-1.jpg
    img peynirli-omlet-2.jpg
    img peynirli-omlet-3.jpg
    img peynirli-omlet-4.jpg
[135/182] GET https://www.nefisyemektarifleri.com/pirasali-borek-8952915/
    img pirasali-borek-3.jpg
    img pirasali-borek-4.jpg
    img pirasali-borek-5.jpg
    img pirasali-borek-6.jpg
    img pirinc-unu-helvasi-2.jpg
    img pirinc-unu-helvasi-3.jpg
    img pirinc-unu-helvasi-4.jpg
    img pirinc-unu-helvasi-5.jpg
    img pirinc-unu-helvasi-7.jpg
    img pirinc-unu-helvasi-9.jpg
    img pirinc-unu-helvasi-10.jpg
    img pirinc-unu-helvasi-11.jpg
    img pirinc-unu-helvasi-13.jpg
    img portakalli-cevizli-nefis-kek-1.jpg
    img portakalli-cevizli-nefis-kek-2.jpg
    img portakalli-cevizli-nefis-kek-4.jpg
    img portakalli-cevizli-nefis-kek-6.jpg
    img portakalli-cevizli-nefis-kek-8.jpg
    img portakalli-cevizli-nefis-kek-10.jpg
    img portakalli-cevizli-nefis-kek-11.jpg
    img portakalli-cevizli-nefis-kek-12.jpg
    img portakalli-cevizli-nefis-kek-13.jpg
[138/182] GET https://www.nefisyemektarifleri.com/puding-11266606/
    img puding-3.jpg
    img puding-4.jpg
    img puding-7.jpg
    img puding-9.jpg
    img puding-11.jpg
    img rengarenk-karisik-tursu-tarifi-1.jpg
    img rengarenk-karisik-tursu-tarifi-2.jpg
    img rengarenk-karisik-tursu-tarifi-3.jpg
    img rengarenk-karisik-tursu-tarifi-4.jpg
    img rengarenk-karisik-tursu-tarifi-5.jpg
    img rengarenk-karisik-tursu-tarifi-7.jpg
    img rengarenk-karisik-tursu-tarifi-8.jpg
    img sahine-tatlisi-1.jpg
    img sahine-tatlisi-2.jpg
    img sahine-tatlisi-3.jpg
    img sahine-tatlisi-4.jpg
    img sahine-tatlisi-6.jpg
    img sehriyeli-havuclu-nefis-corba-1.jpg
    img sehriyeli-havuclu-nefis-corba-2.jpg
    img sehriyeli-havuclu-nefis-corba-3.jpg
    img sehriyeli-havuclu-nefis-corba-4.jpg
    img sehriyeli-havuclu-nefis-corba-5.jpg
    img sehriyeli-havuclu-nefis-corba-6.jpg
    img sehriyeli-havuclu-nefis-corba-8.jpg
    img sehriyeli-havuclu-nefis-corba-9.jpg
    img sehriyeli-havuclu-nefis-corba-11.jpg
[142/182] GET https://www.nefisyemektarifleri.com/sirkeli-kurabiye-8785310/
    img sirkeli-kurabiye-1.jpg
    img sirkeli-kurabiye-2.jpg
    img sirkeli-kurabiye-4.jpg
    img sirkeli-kurabiye-5.jpg
[143/182] GET https://www.nefisyemektarifleri.com/sogan-bahari/
    img sogan-bahari-3.jpg
    img sogan-bahari-5.jpg
    img sogan-bahari-6.jpg
    img sogan-bahari-7.jpg
    img sogan-bahari-8.jpg
    img sogan-bahari-9.jpg
    img sogan-bahari-10.jpg
    img sogan-bahari-11.jpg
    img starbucks-kurabiye.jpg
    img starbucks-kurabiye-1.jpg
    img starbucks-kurabiye-2.jpg
    img starbucks-kurabiye-4.jpg
    img starbucks-kurabiye-5.jpg
    img starbucks-kurabiye-7.jpg
    img starbucks-kurabiye-8.jpg
    img starbucks-kurabiye-10.jpg
[145/182] GET https://www.nefisyemektarifleri.com/sultan-kahvaltisi-acuka/
    img sultan-kahvaltisi-acuka-1.jpg
    img sultan-kahvaltisi-acuka-2.jpg
    img sultan-kahvaltisi-acuka-4.jpg
[146/182] GET https://www.nefisyemektarifleri.com/sultan-rulosu-kiymali-rulo-patates/
    img sultan-rulosu-kiymali-rulo-patates-4.jpg
    img sultan-rulosu-kiymali-rulo-patates-6.jpg
    img sultan-rulosu-kiymali-rulo-patates-7.jpg
    img sultan-rulosu-kiymali-rulo-patates-9.jpg
    img sultan-rulosu-kiymali-rulo-patates-10.jpg
    img sultan-rulosu-kiymali-rulo-patates-11.jpg
    img sultan-rulosu-kiymali-rulo-patates-12.jpg
    img supangleli-tavuk-gogsu-tarifi-1.jpg
    img supangleli-tavuk-gogsu-tarifi-2.jpg
    img supangleli-tavuk-gogsu-tarifi-3.jpg
    img supangleli-tavuk-gogsu-tarifi-4.jpg
    img supangleli-tavuk-gogsu-tarifi-5.jpg
    img supangleli-tavuk-gogsu-tarifi-7.jpg
    img supangleli-tavuk-gogsu-tarifi-9.jpg
    img susam-ezmeli-rulo-corek-1.jpg
    img susam-ezmeli-rulo-corek-2.jpg
    img susam-ezmeli-rulo-corek-3.jpg
    img susam-ezmeli-rulo-corek-5.jpg
    img susam-ezmeli-rulo-corek-7.jpg
    img susam-ezmeli-rulo-corek-8.jpg
    img susam-ezmeli-rulo-corek-9.jpg
    img susam-ezmeli-rulo-corek-11.jpg
    img susam-ezmeli-rulo-corek-12.jpg
    img susam-ezmeli-rulo-corek-14.jpg
    img sut-pide-kaymakcina.jpg
    img sut-pide-kaymakcina-1.jpg
    img sut-pide-kaymakcina-2.jpg
    img sut-pide-kaymakcina-4.jpg
    img sut-pide-kaymakcina-6.jpg
    img sut-pide-kaymakcina-7.jpg
    img sut-pide-kaymakcina-8.jpg
    img sutlu-lorlu-biber-tursusu-1.jpg
    !! image failed: The read operation timed out
[151/182] GET https://www.nefisyemektarifleri.com/tahinli-cevizli-super-kurabiye/
    img tahinli-cevizli-super-kurabiye-2.jpg
    img tahinli-cevizli-super-kurabiye-3.jpg
    img tahinli-cevizli-super-kurabiye-4.jpg
    img tahinli-cevizli-super-kurabiye-6.jpg
    img tahinli-cevizli-super-kurabiye-7.jpg
    img tahinli-cevizli-super-kurabiye-8.jpg
[152/182] GET https://www.nefisyemektarifleri.com/tahinli-cevizli-susamli-nefis-kek/
    img tahinli-cevizli-susamli-nefis-kek-3.jpg
    img tahinli-cevizli-susamli-nefis-kek-4.jpg
    img tahinli-cevizli-susamli-nefis-kek-5.jpg
    img tahinli-cevizli-susamli-nefis-kek-6.jpg
    img tahinli-cevizli-susamli-nefis-kek-7.jpg
    img tahinli-cevizli-susamli-nefis-kek-8.jpg
    img tahinli-cevizli-susamli-nefis-kek-10.jpg
    img tahinli-cevizli-susamli-nefis-kek-11.jpg
    img tahinli-cevizli-susamli-nefis-kek-12.jpg
    img tahinli-susamli-nefis-kurabiye-1.jpg
    img tahinli-susamli-nefis-kurabiye-2.jpg
    img tahinli-susamli-nefis-kurabiye-3.jpg
    img tahinli-susamli-nefis-kurabiye-4.jpg
    img tahinli-susamli-nefis-kurabiye-6.jpg
[154/182] GET https://www.nefisyemektarifleri.com/tahinpare-tatlisi-11707416/
    img tahinpare-tatlisi-4.jpg
    img tahinpare-tatlisi-6.jpg
    img tahinpare-tatlisi-7.jpg
    img tahinpare-tatlisi-9.jpg
    img tahinpare-tatlisi-11.jpg
[155/182] GET https://www.nefisyemektarifleri.com/tarhana-corbasi-9437417/
    img tarhana-corbasi-1.jpg
    img tarhana-corbasi-2.jpg
    img tarhana-corbasi-3.jpg
    img tarhana-corbasi-4.jpg
[156/182] GET https://www.nefisyemektarifleri.com/tavada-kolay-su-boregi-11249976/
    img tavada-kolay-su-boregi-2.jpg
    img tavada-kolay-su-boregi-4.jpg
    img tavada-kolay-su-boregi-6.jpg
    img tavada-kolay-su-boregi-8.jpg
    img tavada-kolay-su-boregi-10.jpg
    img tavada-kolay-su-boregi-13.jpg
    img tavuk-corbasi-1.jpg
    img tavuk-corbasi-2.jpg
    img tavuk-corbasi-4.jpg
    img tavuk-corbasi-6.jpg
[158/182] GET https://www.nefisyemektarifleri.com/tavuk-fajita-9753487/
    img tavuk-fajita-3.jpg
    img tavuk-fajita-5.jpg
    img tavuk-fajita-6.jpg
    img tavuk-fajita-7.jpg
[159/182] GET https://www.nefisyemektarifleri.com/tavuk-kalamar-12497821/
    img tavuk-kalamar-3.jpg
    img tavuk-kalamar-5.jpg
    img tavuk-kalamar-6.jpg
    img tavuk-kalamar-8.jpg
[160/182] GET https://www.nefisyemektarifleri.com/tavuk-yufkasi-yoresel-lezzetler/
    img tavuk-yufkasi-yoresel-lezzetler.jpg
    img tavuk-yufkasi-yoresel-lezzetler-1.jpg
    img tavuk-yufkasi-yoresel-lezzetler-2.jpg
    img tavuk-yufkasi-yoresel-lezzetler-4.jpg
    img tavuk-yufkasi-yoresel-lezzetler-6.jpg
    img tavuk-yufkasi-yoresel-lezzetler-7.jpg
    img tavuk-yufkasi-yoresel-lezzetler-8.jpg
    img tavuk-yufkasi-yoresel-lezzetler-9.jpg
    img tavuklu-havuclu-sifa-corbasi-1.jpg
    img tavuklu-havuclu-sifa-corbasi-2.jpg
    img tavuklu-havuclu-sifa-corbasi-3.jpg
    img tavuklu-havuclu-sifa-corbasi-4.jpg
    img tavuklu-havuclu-sifa-corbasi-6.jpg
    img tavuklu-havuclu-sifa-corbasi-9.jpg
    img tavuklu-havuclu-sifa-corbasi-11.jpg
[162/182] GET https://www.nefisyemektarifleri.com/tavuklu-sehriyeli-nefis-koz-patlican-mezesi/
    img tavuklu-sehriyeli-nefis-koz-patlican-mezesi-2.jpg
    img tavuklu-sehriyeli-nefis-koz-patlican-mezesi-4.jpg
    img tavuklu-sehriyeli-nefis-koz-patlican-mezesi-6.jpg
    img tavuklu-sehriyeli-nefis-koz-patlican-mezesi-8.jpg
    img tavuklu-sehriyeli-nefis-koz-patlican-mezesi-10.jpg
[163/182] GET https://www.nefisyemektarifleri.com/taze-incir-pestili/
    img taze-incir-pestili-3.jpg
    img taze-incir-pestili-4.jpg
    img taze-incir-pestili-6.jpg
    img taze-incir-pestili-7.jpg
    img taze-uzum-pestili-1.jpg
    img taze-uzum-pestili-2.jpg
    img taze-uzum-pestili-3.jpg
    img taze-uzum-pestili-4.jpg
    img taze-uzum-pestili-5.jpg
    img taze-uzum-pestili-6.jpg
[165/182] GET https://www.nefisyemektarifleri.com/tereyagli-mantarli-nefis-karides/
    img tereyagli-mantarli-nefis-karides-2.jpg
    img tereyagli-mantarli-nefis-karides-3.jpg
    img tereyagli-mantarli-nefis-karides-4.jpg
    img tereyagli-mantarli-nefis-karides-6.jpg
    img tutmac-corbasi.jpg
    img tutmac-corbasi-1.jpg
    img tutmac-corbasi-3.jpg
[167/182] GET https://www.nefisyemektarifleri.com/un-helvasi-9001065/
    img un-helvasi-4.jpg
    img un-helvasi-6.jpg
    img un-helvasi-5.jpg
    img un-helvasi-7.jpg
[168/182] GET https://www.nefisyemektarifleri.com/uzumlu-bitter-cikolatali-saglikli-atistirmalik/
    img uzumlu-bitter-cikolatali-saglikli-atistirmalik-3.jpg
    img uzumlu-bitter-cikolatali-saglikli-atistirmalik-4.jpg
    img uzumlu-bitter-cikolatali-saglikli-atistirmalik-5.jpg
[169/182] GET https://www.nefisyemektarifleri.com/yagli-sirkeli-kirmizi-kapya-biber/
    img yagli-sirkeli-kirmizi-kapya-biber-1.jpg
    img yagli-sirkeli-kirmizi-kapya-biber-2.jpg
    img yagli-sirkeli-kirmizi-kapya-biber-3.jpg
    img yagli-sirkeli-kirmizi-kapya-biber-4.jpg
[170/182] GET https://www.nefisyemektarifleri.com/yesil-elmali-kereviz-mezesi-11654644/
    img yesil-elmali-kereviz-mezesi-1.jpg
    img yesil-elmali-kereviz-mezesi-3.jpg
    img yesil-elmali-kereviz-mezesi-5.jpg
    img yesil-elmali-kereviz-mezesi-7.jpg
[171/182] GET https://www.nefisyemektarifleri.com/yesil-elmali-pancar-salatasi/
    img yesil-elmali-pancar-salatasi-2.jpg
    img yesil-elmali-pancar-salatasi-4.jpg
    img yesil-elmali-pancar-salatasi-5.jpg
    img yesil-elmali-pancar-salatasi-6.jpg
    img yesil-elmali-pancar-salatasi-8.jpg
    img yesil-mercimek-mantisi-1.jpg
    img yesil-mercimek-mantisi-2.jpg
    img yesil-mercimek-mantisi-3.jpg
    img yesil-mercimek-mantisi-4.jpg
    img yesil-mercimek-mantisi-6.jpg
    img yesil-mercimek-mantisi-7.jpg
    img yesil-mercimek-mantisi-8.jpg
    img yesil-mercimek-mantisi-10.jpg
[173/182] GET https://www.nefisyemektarifleri.com/yesil-mercimekli-sehriyeli-nefis-meze/
    img yesil-mercimekli-sehriyeli-nefis-meze-2.jpg
    img yesil-mercimekli-sehriyeli-nefis-meze-3.jpg
    img yesil-mercimekli-sehriyeli-nefis-meze-4.jpg
    img yesil-mercimekli-sehriyeli-nefis-meze-5.jpg
    img yesil-mercimekli-sehriyeli-nefis-meze-7.jpg
    img yesil-mercimekli-sehriyeli-nefis-meze-8.jpg
    img yesil-mercimekli-sehriyeli-nefis-meze-9.jpg
[174/182] GET https://www.nefisyemektarifleri.com/yogurtlu-mercimek-mezesi-12110094/
    img yogurtlu-mercimek-mezesi-1.jpg
    img yogurtlu-mercimek-mezesi-3.jpg
    img yogurtlu-mercimek-mezesi-5.jpg
    img yogurtlu-mercimek-mezesi-7.jpg
    img yogurtlu-mercimek-mezesi-8.jpg
    img yogurtlu-mercimek-mezesi-9.jpg
[175/182] GET https://www.nefisyemektarifleri.com/yogurtlu-semizotu-9655956/
    img yogurtlu-semizotu-2.jpg
    img yogurtlu-tavuklu-sultan-mezesi-1.jpg
    img yogurtlu-tavuklu-sultan-mezesi-2.jpg
    img yogurtlu-tavuklu-sultan-mezesi-3.jpg
    img yogurtlu-tavuklu-sultan-mezesi-4.jpg
    img yogurtlu-tavuklu-sultan-mezesi-5.jpg
    img yogurtlu-tavuklu-sultan-mezesi-7.jpg
    img yogurtlu-tavuklu-sultan-mezesi-9.jpg
[177/182] GET https://www.nefisyemektarifleri.com/yumusacik-cift-pisen-harika-lavaslar/
    img yumusacik-cift-pisen-harika-lavaslar-1.jpg
    img yumusacik-cift-pisen-harika-lavaslar-3.jpg
    img yumusacik-cift-pisen-harika-lavaslar-5.jpg
    img yumusacik-cift-pisen-harika-lavaslar-7.jpg
    img yumusacik-cift-pisen-harika-lavaslar-9.jpg
    img yumusacik-cift-pisen-harika-lavaslar-10.jpg
    img yumusacik-cift-pisen-harika-lavaslar-12.jpg
    img yumusacik-cift-pisen-harika-lavaslar-14.jpg
    img yumusacik-cift-pisen-harika-lavaslar-16.jpg
    img yumusamayan-nefis-yesil-zeytin-1.jpg
    img yumusamayan-nefis-yesil-zeytin-2.jpg
    img yumusamayan-nefis-yesil-zeytin-4.jpg
[179/182] GET https://www.nefisyemektarifleri.com/yuvalama-corbasi-11266650/
    img yuvalama-corbasi-1.jpg
    img yuvalama-corbasi-2.jpg
    img yuvalama-corbasi-3.jpg
    img yuvalama-corbasi-5.jpg
    img yuvalama-corbasi-7.jpg
    img yuvalama-corbasi-8.jpg
    img yuvalama-corbasi-9.jpg
    img zerdecalli-nefis-kirmizi-mercimek-corbasi-1.jpg
    img zerdecalli-nefis-kirmizi-mercimek-corbasi-2.jpg
    img zerdecalli-nefis-kirmizi-mercimek-corbasi-3.jpg
    img zerdecalli-nefis-kirmizi-mercimek-corbasi-4.jpg
    img zerdecalli-nefis-kirmizi-mercimek-corbasi-6.jpg
    img zerdecalli-nefis-kirmizi-mercimek-corbasi-8.jpg
    img zerdecalli-nefis-kirmizi-mercimek-corbasi-10.jpg
    img zerdecalli-nefis-kirmizi-mercimek-corbasi-11.jpg
    img zerdecalli-pilav-1.jpg
    img zerdecalli-pilav-2.jpg
    img zerdecalli-pilav-3.jpg
    img zerdecalli-pilav-5.jpg
    img zerdecalli-pilav-6.jpg
    img zerdecalli-pilav-8.jpg
[182/182] GET https://www.nefisyemektarifleri.com/zeytinyagli-nefis-barbunya-pilaki/
    img zeytinyagli-nefis-barbunya-pilaki-2.jpg
    img zeytinyagli-nefis-barbunya-pilaki-4.jpg
    img zeytinyagli-nefis-barbunya-pilaki-6.jpg

Done. 182 recipes in data/
